{
  "any": {
    "startup_bun_1_1_3_tsc_startup": {
      "TSPERF_JOB_HOST": "bun@1.1.3",
      "TSPERF_JOB_ITERATIONS": 6,
      "TSPERF_JOB_KIND": "startup",
      "TSPERF_JOB_LOCATION": "public",
      "TSPERF_JOB_NAME": "startup_bun_1_1_3_tsc_startup",
      "TSPERF_JOB_SCENARIO": "tsc-startup",
    },
    "startup_bun_1_1_3_tsserver_startup": {
      "TSPERF_JOB_HOST": "bun@1.1.3",
      "TSPERF_JOB_ITERATIONS": 6,
      "TSPERF_JOB_KIND": "startup",
      "TSPERF_JOB_LOCATION": "public",
      "TSPERF_JOB_NAME": "startup_bun_1_1_3_tsserver_startup",
      "TSPERF_JOB_SCENARIO": "tsserver-startup",
    },
    "startup_bun_1_1_3_tsserverlibrary_startup": {
      "TSPERF_JOB_HOST": "bun@1.1.3",
      "TSPERF_JOB_ITERATIONS": 6,
      "TSPERF_JOB_KIND": "startup",
      "TSPERF_JOB_LOCATION": "public",
      "TSPERF_JOB_NAME": "startup_bun_1_1_3_tsserverlibrary_startup",
      "TSPERF_JOB_SCENARIO": "tsserverlibrary-startup",
    },
    "startup_bun_1_1_3_typescript_startup": {
      "TSPERF_JOB_HOST": "bun@1.1.3",
      "TSPERF_JOB_ITERATIONS": 6,
      "TSPERF_JOB_KIND": "startup",
      "TSPERF_JOB_LOCATION": "public",
      "TSPERF_JOB_NAME": "startup_bun_1_1_3_typescript_startup",
      "TSPERF_JOB_SCENARIO": "typescript-startup",
    },
    "startup_vscode_1_88_1_tsc_startup": {
      "TSPERF_JOB_HOST": "vscode@1.88.1",
      "TSPERF_JOB_ITERATIONS": 6,
      "TSPERF_JOB_KIND": "startup",
      "TSPERF_JOB_LOCATION": "public",
      "TSPERF_JOB_NAME": "startup_vscode_1_88_1_tsc_startup",
      "TSPERF_JOB_SCENARIO": "tsc-startup",
    },
    "startup_vscode_1_88_1_tsserver_startup": {
      "TSPERF_JOB_HOST": "vscode@1.88.1",
      "TSPERF_JOB_ITERATIONS": 6,
      "TSPERF_JOB_KIND": "startup",
      "TSPERF_JOB_LOCATION": "public",
      "TSPERF_JOB_NAME": "startup_vscode_1_88_1_tsserver_startup",
      "TSPERF_JOB_SCENARIO": "tsserver-startup",
    },
    "startup_vscode_1_88_1_tsserverlibrary_startup": {
      "TSPERF_JOB_HOST": "vscode@1.88.1",
      "TSPERF_JOB_ITERATIONS": 6,
      "TSPERF_JOB_KIND": "startup",
      "TSPERF_JOB_LOCATION": "public",
      "TSPERF_JOB_NAME": "startup_vscode_1_88_1_tsserverlibrary_startup",
      "TSPERF_JOB_SCENARIO": "tsserverlibrary-startup",
    },
    "startup_vscode_1_88_1_typescript_startup": {
      "TSPERF_JOB_HOST": "vscode@1.88.1",
      "TSPERF_JOB_ITERATIONS": 6,
      "TSPERF_JOB_KIND": "startup",
      "TSPERF_JOB_LOCATION": "public",
      "TSPERF_JOB_NAME": "startup_vscode_1_88_1_typescript_startup",
      "TSPERF_JOB_SCENARIO": "typescript-startup",
    },
    "tsc_bun_1_1_3_Angular": {
      "TSPERF_JOB_HOST": "bun@1.1.3",
      "TSPERF_JOB_ITERATIONS": 6,
      "TSPERF_JOB_KIND": "tsc",
      "TSPERF_JOB_LOCATION": "internal",
      "TSPERF_JOB_NAME": "tsc_bun_1_1_3_Angular",
      "TSPERF_JOB_SCENARIO": "Angular",
    },
    "tsc_bun_1_1_3_Compiler_Unions": {
      "TSPERF_JOB_HOST": "bun@1.1.3",
      "TSPERF_JOB_ITERATIONS": 6,
      "TSPERF_JOB_KIND": "tsc",
      "TSPERF_JOB_LOCATION": "public",
      "TSPERF_JOB_NAME": "tsc_bun_1_1_3_Compiler_Unions",
      "TSPERF_JOB_SCENARIO": "Compiler-Unions",
    },
    "tsc_bun_1_1_3_Monaco": {
      "TSPERF_JOB_HOST": "bun@1.1.3",
      "TSPERF_JOB_ITERATIONS": 6,
      "TSPERF_JOB_KIND": "tsc",
      "TSPERF_JOB_LOCATION": "internal",
      "TSPERF_JOB_NAME": "tsc_bun_1_1_3_Monaco",
      "TSPERF_JOB_SCENARIO": "Monaco",
    },
    "tsc_bun_1_1_3_TFS": {
      "TSPERF_JOB_HOST": "bun@1.1.3",
      "TSPERF_JOB_ITERATIONS": 6,
      "TSPERF_JOB_KIND": "tsc",
      "TSPERF_JOB_LOCATION": "internal",
      "TSPERF_JOB_NAME": "tsc_bun_1_1_3_TFS",
      "TSPERF_JOB_SCENARIO": "TFS",
    },
    "tsc_bun_1_1_3_babel": {
      "TSPERF_JOB_HOST": "bun@1.1.3",
      "TSPERF_JOB_ITERATIONS": 6,
      "TSPERF_JOB_KIND": "tsc",
      "TSPERF_JOB_LOCATION": "public",
      "TSPERF_JOB_NAME": "tsc_bun_1_1_3_babel",
      "TSPERF_JOB_SCENARIO": "babel",
    },
    "tsc_bun_1_1_3_material_ui": {
      "TSPERF_JOB_HOST": "bun@1.1.3",
      "TSPERF_JOB_ITERATIONS": 6,
      "TSPERF_JOB_KIND": "tsc",
      "TSPERF_JOB_LOCATION": "internal",
      "TSPERF_JOB_NAME": "tsc_bun_1_1_3_material_ui",
      "TSPERF_JOB_SCENARIO": "material-ui",
    },
    "tsc_bun_1_1_3_mui_docs": {
      "TSPERF_JOB_HOST": "bun@1.1.3",
      "TSPERF_JOB_ITERATIONS": 6,
      "TSPERF_JOB_KIND": "tsc",
      "TSPERF_JOB_LOCATION": "public",
      "TSPERF_JOB_NAME": "tsc_bun_1_1_3_mui_docs",
      "TSPERF_JOB_SCENARIO": "mui-docs",
    },
    "tsc_bun_1_1_3_self_build_src": {
      "TSPERF_JOB_HOST": "bun@1.1.3",
      "TSPERF_JOB_ITERATIONS": 6,
      "TSPERF_JOB_KIND": "tsc",
      "TSPERF_JOB_LOCATION": "public",
      "TSPERF_JOB_NAME": "tsc_bun_1_1_3_self_build_src",
      "TSPERF_JOB_SCENARIO": "self-build-src",
    },
    "tsc_bun_1_1_3_self_build_src_public_api": {
      "TSPERF_JOB_HOST": "bun@1.1.3",
      "TSPERF_JOB_ITERATIONS": 6,
      "TSPERF_JOB_KIND": "tsc",
      "TSPERF_JOB_LOCATION": "public",
      "TSPERF_JOB_NAME": "tsc_bun_1_1_3_self_build_src_public_api",
      "TSPERF_JOB_SCENARIO": "self-build-src-public-api",
    },
    "tsc_bun_1_1_3_self_compiler": {
      "TSPERF_JOB_HOST": "bun@1.1.3",
      "TSPERF_JOB_ITERATIONS": 6,
      "TSPERF_JOB_KIND": "tsc",
      "TSPERF_JOB_LOCATION": "public",
      "TSPERF_JOB_NAME": "tsc_bun_1_1_3_self_compiler",
      "TSPERF_JOB_SCENARIO": "self-compiler",
    },
    "tsc_bun_1_1_3_vscode": {
      "TSPERF_JOB_HOST": "bun@1.1.3",
      "TSPERF_JOB_ITERATIONS": 6,
      "TSPERF_JOB_KIND": "tsc",
      "TSPERF_JOB_LOCATION": "public",
      "TSPERF_JOB_NAME": "tsc_bun_1_1_3_vscode",
      "TSPERF_JOB_SCENARIO": "vscode",
    },
    "tsc_bun_1_1_3_webpack": {
      "TSPERF_JOB_HOST": "bun@1.1.3",
      "TSPERF_JOB_ITERATIONS": 6,
      "TSPERF_JOB_KIND": "tsc",
      "TSPERF_JOB_LOCATION": "public",
      "TSPERF_JOB_NAME": "tsc_bun_1_1_3_webpack",
      "TSPERF_JOB_SCENARIO": "webpack",
    },
    "tsc_bun_1_1_3_xstate": {
      "TSPERF_JOB_HOST": "bun@1.1.3",
      "TSPERF_JOB_ITERATIONS": 6,
      "TSPERF_JOB_KIND": "tsc",
      "TSPERF_JOB_LOCATION": "internal",
      "TSPERF_JOB_NAME": "tsc_bun_1_1_3_xstate",
      "TSPERF_JOB_SCENARIO": "xstate",
    },
    "tsc_vscode_1_88_1_Angular": {
      "TSPERF_JOB_HOST": "vscode@1.88.1",
      "TSPERF_JOB_ITERATIONS": 6,
      "TSPERF_JOB_KIND": "tsc",
      "TSPERF_JOB_LOCATION": "internal",
      "TSPERF_JOB_NAME": "tsc_vscode_1_88_1_Angular",
      "TSPERF_JOB_SCENARIO": "Angular",
    },
    "tsc_vscode_1_88_1_Compiler_Unions": {
      "TSPERF_JOB_HOST": "vscode@1.88.1",
      "TSPERF_JOB_ITERATIONS": 6,
      "TSPERF_JOB_KIND": "tsc",
      "TSPERF_JOB_LOCATION": "public",
      "TSPERF_JOB_NAME": "tsc_vscode_1_88_1_Compiler_Unions",
      "TSPERF_JOB_SCENARIO": "Compiler-Unions",
    },
    "tsc_vscode_1_88_1_Monaco": {
      "TSPERF_JOB_HOST": "vscode@1.88.1",
      "TSPERF_JOB_ITERATIONS": 6,
      "TSPERF_JOB_KIND": "tsc",
      "TSPERF_JOB_LOCATION": "internal",
      "TSPERF_JOB_NAME": "tsc_vscode_1_88_1_Monaco",
      "TSPERF_JOB_SCENARIO": "Monaco",
    },
    "tsc_vscode_1_88_1_TFS": {
      "TSPERF_JOB_HOST": "vscode@1.88.1",
      "TSPERF_JOB_ITERATIONS": 6,
      "TSPERF_JOB_KIND": "tsc",
      "TSPERF_JOB_LOCATION": "internal",
      "TSPERF_JOB_NAME": "tsc_vscode_1_88_1_TFS",
      "TSPERF_JOB_SCENARIO": "TFS",
    },
    "tsc_vscode_1_88_1_babel": {
      "TSPERF_JOB_HOST": "vscode@1.88.1",
      "TSPERF_JOB_ITERATIONS": 6,
      "TSPERF_JOB_KIND": "tsc",
      "TSPERF_JOB_LOCATION": "public",
      "TSPERF_JOB_NAME": "tsc_vscode_1_88_1_babel",
      "TSPERF_JOB_SCENARIO": "babel",
    },
    "tsc_vscode_1_88_1_material_ui": {
      "TSPERF_JOB_HOST": "vscode@1.88.1",
      "TSPERF_JOB_ITERATIONS": 6,
      "TSPERF_JOB_KIND": "tsc",
      "TSPERF_JOB_LOCATION": "internal",
      "TSPERF_JOB_NAME": "tsc_vscode_1_88_1_material_ui",
      "TSPERF_JOB_SCENARIO": "material-ui",
    },
    "tsc_vscode_1_88_1_mui_docs": {
      "TSPERF_JOB_HOST": "vscode@1.88.1",
      "TSPERF_JOB_ITERATIONS": 6,
      "TSPERF_JOB_KIND": "tsc",
      "TSPERF_JOB_LOCATION": "public",
      "TSPERF_JOB_NAME": "tsc_vscode_1_88_1_mui_docs",
      "TSPERF_JOB_SCENARIO": "mui-docs",
    },
    "tsc_vscode_1_88_1_self_build_src": {
      "TSPERF_JOB_HOST": "vscode@1.88.1",
      "TSPERF_JOB_ITERATIONS": 6,
      "TSPERF_JOB_KIND": "tsc",
      "TSPERF_JOB_LOCATION": "public",
      "TSPERF_JOB_NAME": "tsc_vscode_1_88_1_self_build_src",
      "TSPERF_JOB_SCENARIO": "self-build-src",
    },
    "tsc_vscode_1_88_1_self_build_src_public_api": {
      "TSPERF_JOB_HOST": "vscode@1.88.1",
      "TSPERF_JOB_ITERATIONS": 6,
      "TSPERF_JOB_KIND": "tsc",
      "TSPERF_JOB_LOCATION": "public",
      "TSPERF_JOB_NAME": "tsc_vscode_1_88_1_self_build_src_public_api",
      "TSPERF_JOB_SCENARIO": "self-build-src-public-api",
    },
    "tsc_vscode_1_88_1_self_compiler": {
      "TSPERF_JOB_HOST": "vscode@1.88.1",
      "TSPERF_JOB_ITERATIONS": 6,
      "TSPERF_JOB_KIND": "tsc",
      "TSPERF_JOB_LOCATION": "public",
      "TSPERF_JOB_NAME": "tsc_vscode_1_88_1_self_compiler",
      "TSPERF_JOB_SCENARIO": "self-compiler",
    },
    "tsc_vscode_1_88_1_vscode": {
      "TSPERF_JOB_HOST": "vscode@1.88.1",
      "TSPERF_JOB_ITERATIONS": 6,
      "TSPERF_JOB_KIND": "tsc",
      "TSPERF_JOB_LOCATION": "public",
      "TSPERF_JOB_NAME": "tsc_vscode_1_88_1_vscode",
      "TSPERF_JOB_SCENARIO": "vscode",
    },
    "tsc_vscode_1_88_1_webpack": {
      "TSPERF_JOB_HOST": "vscode@1.88.1",
      "TSPERF_JOB_ITERATIONS": 6,
      "TSPERF_JOB_KIND": "tsc",
      "TSPERF_JOB_LOCATION": "public",
      "TSPERF_JOB_NAME": "tsc_vscode_1_88_1_webpack",
      "TSPERF_JOB_SCENARIO": "webpack",
    },
    "tsc_vscode_1_88_1_xstate": {
      "TSPERF_JOB_HOST": "vscode@1.88.1",
      "TSPERF_JOB_ITERATIONS": 6,
      "TSPERF_JOB_KIND": "tsc",
      "TSPERF_JOB_LOCATION": "internal",
      "TSPERF_JOB_NAME": "tsc_vscode_1_88_1_xstate",
      "TSPERF_JOB_SCENARIO": "xstate",
    },
    "tsserver_bun_1_1_3_CompilerTSServer": {
      "TSPERF_JOB_HOST": "bun@1.1.3",
      "TSPERF_JOB_ITERATIONS": 6,
      "TSPERF_JOB_KIND": "tsserver",
      "TSPERF_JOB_LOCATION": "public",
      "TSPERF_JOB_NAME": "tsserver_bun_1_1_3_CompilerTSServer",
      "TSPERF_JOB_SCENARIO": "CompilerTSServer",
    },
    "tsserver_bun_1_1_3_Compiler_UnionsTSServer": {
      "TSPERF_JOB_HOST": "bun@1.1.3",
      "TSPERF_JOB_ITERATIONS": 6,
      "TSPERF_JOB_KIND": "tsserver",
      "TSPERF_JOB_LOCATION": "public",
      "TSPERF_JOB_NAME": "tsserver_bun_1_1_3_Compiler_UnionsTSServer",
      "TSPERF_JOB_SCENARIO": "Compiler-UnionsTSServer",
    },
    "tsserver_bun_1_1_3_xstateTSServer": {
      "TSPERF_JOB_HOST": "bun@1.1.3",
      "TSPERF_JOB_ITERATIONS": 6,
      "TSPERF_JOB_KIND": "tsserver",
      "TSPERF_JOB_LOCATION": "internal",
      "TSPERF_JOB_NAME": "tsserver_bun_1_1_3_xstateTSServer",
      "TSPERF_JOB_SCENARIO": "xstateTSServer",
    },
    "tsserver_vscode_1_88_1_CompilerTSServer": {
      "TSPERF_JOB_HOST": "vscode@1.88.1",
      "TSPERF_JOB_ITERATIONS": 6,
      "TSPERF_JOB_KIND": "tsserver",
      "TSPERF_JOB_LOCATION": "public",
      "TSPERF_JOB_NAME": "tsserver_vscode_1_88_1_CompilerTSServer",
      "TSPERF_JOB_SCENARIO": "CompilerTSServer",
    },
    "tsserver_vscode_1_88_1_Compiler_UnionsTSServer": {
      "TSPERF_JOB_HOST": "vscode@1.88.1",
      "TSPERF_JOB_ITERATIONS": 6,
      "TSPERF_JOB_KIND": "tsserver",
      "TSPERF_JOB_LOCATION": "public",
      "TSPERF_JOB_NAME": "tsserver_vscode_1_88_1_Compiler_UnionsTSServer",
      "TSPERF_JOB_SCENARIO": "Compiler-UnionsTSServer",
    },
    "tsserver_vscode_1_88_1_xstateTSServer": {
      "TSPERF_JOB_HOST": "vscode@1.88.1",
      "TSPERF_JOB_ITERATIONS": 6,
      "TSPERF_JOB_KIND": "tsserver",
      "TSPERF_JOB_LOCATION": "internal",
      "TSPERF_JOB_NAME": "tsserver_vscode_1_88_1_xstateTSServer",
      "TSPERF_JOB_SCENARIO": "xstateTSServer",
    },
  },
  "ts-perf1": {},
  "ts-perf10": {},
  "ts-perf11": {},
  "ts-perf12": {},
  "ts-perf2": {},
  "ts-perf3": {},
  "ts-perf4": {},
  "ts-perf5": {},
  "ts-perf6": {},
  "ts-perf7": {},
  "ts-perf8": {},
  "ts-perf9": {},
}