{
  "any": {
    "startup_native_tsc_startup": {
      "TSPERF_JOB_HOST": "native",
      "TSPERF_JOB_ITERATIONS": 6,
      "TSPERF_JOB_KIND": "startup",
      "TSPERF_JOB_NAME": "startup_native_tsc_startup",
      "TSPERF_JOB_SCENARIO": "tsc-startup",
      "TSPERF_JOB_WARMUPS": 1,
    },
    "startup_native_tsserver_startup": {
      "TSPERF_JOB_HOST": "native",
      "TSPERF_JOB_ITERATIONS": 6,
      "TSPERF_JOB_KIND": "startup",
      "TSPERF_JOB_NAME": "startup_native_tsserver_startup",
      "TSPERF_JOB_SCENARIO": "tsserver-startup",
      "TSPERF_JOB_WARMUPS": 1,
    },
    "startup_native_tsserverlibrary_startup": {
      "TSPERF_JOB_HOST": "native",
      "TSPERF_JOB_ITERATIONS": 6,
      "TSPERF_JOB_KIND": "startup",
      "TSPERF_JOB_NAME": "startup_native_tsserverlibrary_startup",
      "TSPERF_JOB_SCENARIO": "tsserverlibrary-startup",
      "TSPERF_JOB_WARMUPS": 1,
    },
    "startup_native_typescript_startup": {
      "TSPERF_JOB_HOST": "native",
      "TSPERF_JOB_ITERATIONS": 6,
      "TSPERF_JOB_KIND": "startup",
      "TSPERF_JOB_NAME": "startup_native_typescript_startup",
      "TSPERF_JOB_SCENARIO": "typescript-startup",
      "TSPERF_JOB_WARMUPS": 1,
    },
  },
  "ts-perf1": {},
  "ts-perf10": {},
  "ts-perf11": {},
  "ts-perf12": {},
  "ts-perf2": {},
  "ts-perf3": {},
  "ts-perf4": {},
  "ts-perf5": {},
  "ts-perf6": {},
  "ts-perf7": {},
  "ts-perf8": {},
  "ts-perf9": {},
}